#2026 05 01 12:04:28.731#Z#DEBUG#c8df2564-4555-11f1-8bc2-eeee0a96607a.backorder-history-srv#flowable-async-job-executor-thread-26783#
[PollStageAppStatusExecution] 73ed2dc8-b263-4a3d-9470-8f8b426a9085 [2026-05-01T11:48:57.989039] Exit status 0 (STDOUT, STG)#
#2026 05 01 12:04:28.731#Z#DEBUG#c8df2564-4555-11f1-8bc2-eeee0a96607a.backorder-history-srv#flowable-async-job-executor-thread-26783#
[PollStageAppStatusExecution] 73ed2dc8-b263-4a3d-9470-8f8b426a9085 [2026-05-01T11:48:57.989080] Uploading droplet, build artifacts cache... (STDOUT, STG)#
#2026 05 01 12:04:28.731#Z#DEBUG#c8df2564-4555-11f1-8bc2-eeee0a96607a.backorder-history-srv#flowable-async-job-executor-thread-26783#
[PollStageAppStatusExecution] 73ed2dc8-b263-4a3d-9470-8f8b426a9085 [2026-05-01T11:48:57.989120] Uploading droplet... (STDOUT, STG)#
#2026 05 01 12:04:28.731#Z#DEBUG#c8df2564-4555-11f1-8bc2-eeee0a96607a.backorder-history-srv#flowable-async-job-executor-thread-26783#
[PollStageAppStatusExecution] 73ed2dc8-b263-4a3d-9470-8f8b426a9085 [2026-05-01T11:48:57.989298] Uploading build artifacts cache... (STDOUT, STG)#
#2026 05 01 12:04:28.731#Z#DEBUG#c8df2564-4555-11f1-8bc2-eeee0a96607a.backorder-history-srv#flowable-async-job-executor-thread-26783#
[PollStageAppStatusExecution] 73ed2dc8-b263-4a3d-9470-8f8b426a9085 [2026-05-01T11:48:58.015435] Uploaded build artifacts cache (226B) (STDOUT, STG)#
#2026 05 01 12:04:28.731#Z#DEBUG#c8df2564-4555-11f1-8bc2-eeee0a96607a.backorder-history-srv#flowable-async-job-executor-thread-26783#
[PollStageAppStatusExecution] 73ed2dc8-b263-4a3d-9470-8f8b426a9085 [2026-05-01T11:48:59.325595] Creating droplet for app with guid 73ed2dc8-b263-4a3d-9470-8f8b426a9085 (STDOUT, API)#
#2026 05 01 12:04:28.731#Z#DEBUG#c8df2564-4555-11f1-8bc2-eeee0a96607a.backorder-history-srv#flowable-async-job-executor-thread-26783#
[PollStageAppStatusExecution] 73ed2dc8-b263-4a3d-9470-8f8b426a9085 [2026-05-01T11:49:05.423846] Uploaded droplet (98.2M) (STDOUT, STG)#
#2026 05 01 12:04:28.731#Z#DEBUG#c8df2564-4555-11f1-8bc2-eeee0a96607a.backorder-history-srv#flowable-async-job-executor-thread-26783#
[PollStageAppStatusExecution] 73ed2dc8-b263-4a3d-9470-8f8b426a9085 [2026-05-01T11:49:05.461092] Uploading complete (STDOUT, STG)#
#2026 05 01 12:04:28.731#Z#DEBUG#c8df2564-4555-11f1-8bc2-eeee0a96607a.backorder-history-srv#flowable-async-job-executor-thread-26783#
[PollStageAppStatusExecution] 73ed2dc8-b263-4a3d-9470-8f8b426a9085 [2026-05-01T11:49:05.851320] Cell d1cc041a-d5a1-41d6-b9f6-6cda736ce3f0 stopping instance 7aa2b592-d5e3-4903-976e-f31bfde197a5 (STDOUT, STG)#
#2026 05 01 12:04:28.731#Z#DEBUG#c8df2564-4555-11f1-8bc2-eeee0a96607a.backorder-history-srv#flowable-async-job-executor-thread-26783#
[PollStageAppStatusExecution] 73ed2dc8-b263-4a3d-9470-8f8b426a9085 [2026-05-01T11:49:05.851364] Cell d1cc041a-d5a1-41d6-b9f6-6cda736ce3f0 destroying container for instance 7aa2b592-d5e3-4903-976e-f31bfde197a5 (STDOUT, STG)#
#2026 05 01 12:04:28.731#Z#DEBUG#c8df2564-4555-11f1-8bc2-eeee0a96607a.backorder-history-srv#flowable-async-job-executor-thread-26783#
[PollStageAppStatusExecution] 73ed2dc8-b263-4a3d-9470-8f8b426a9085 [2026-05-01T11:49:05.906447] Staging complete for build 7aa2b592-d5e3-4903-976e-f31bfde197a5 (STDOUT, API)#
#2026 05 01 12:04:28.731#Z#DEBUG#c8df2564-4555-11f1-8bc2-eeee0a96607a.backorder-history-srv#flowable-async-job-executor-thread-26783#
[PollStageAppStatusExecution] 73ed2dc8-b263-4a3d-9470-8f8b426a9085 [2026-05-01T11:49:07.362620] Updated app with guid 73ed2dc8-b263-4a3d-9470-8f8b426a9085 ({:droplet_guid=>"0b13a291-0a48-47d1-a572-17de5cba12bf"}) (STDOUT, API)#
#2026 05 01 12:04:28.731#Z#DEBUG#c8df2564-4555-11f1-8bc2-eeee0a96607a.backorder-history-srv#flowable-async-job-executor-thread-26783#
[PollStageAppStatusExecution] 73ed2dc8-b263-4a3d-9470-8f8b426a9085 [2026-05-01T11:49:07.544653] Creating revision for app with guid 73ed2dc8-b263-4a3d-9470-8f8b426a9085 (STDOUT, API)#
#2026 05 01 12:04:28.731#Z#DEBUG#c8df2564-4555-11f1-8bc2-eeee0a96607a.backorder-history-srv#flowable-async-job-executor-thread-26783#
[PollStageAppStatusExecution] 73ed2dc8-b263-4a3d-9470-8f8b426a9085 [2026-05-01T11:49:07.583664] Starting app with guid 73ed2dc8-b263-4a3d-9470-8f8b426a9085 (STDOUT, API)#
#2026 05 01 12:04:28.731#Z#DEBUG#c8df2564-4555-11f1-8bc2-eeee0a96607a.backorder-history-srv#flowable-async-job-executor-thread-26783#
[PollStageAppStatusExecution] 73ed2dc8-b263-4a3d-9470-8f8b426a9085 [2026-05-01T11:49:07.788121] Cell c839c7b1-088e-41af-b9b7-66256aacd457 creating container for instance aa0c794f-9898-45c2-5a81-5ca0 (STDOUT, CELL)#
#2026 05 01 12:04:28.731#Z#DEBUG#c8df2564-4555-11f1-8bc2-eeee0a96607a.backorder-history-srv#flowable-async-job-executor-thread-26783#
[PollStageAppStatusExecution] 73ed2dc8-b263-4a3d-9470-8f8b426a9085 [2026-05-01T11:49:08.594899] Cell d1cc041a-d5a1-41d6-b9f6-6cda736ce3f0 successfully destroyed container for instance 7aa2b592-d5e3-4903-976e-f31bfde197a5 (STDOUT, STG)#
#2026 05 01 12:04:28.731#Z#DEBUG#c8df2564-4555-11f1-8bc2-eeee0a96607a.backorder-history-srv#flowable-async-job-executor-thread-26783#
[PollStageAppStatusExecution] 73ed2dc8-b263-4a3d-9470-8f8b426a9085 [2026-05-01T11:49:09.321184] Security group rules were updated (STDOUT, CELL)#
#2026 05 01 12:04:28.731#Z#DEBUG#c8df2564-4555-11f1-8bc2-eeee0a96607a.backorder-history-srv#flowable-async-job-executor-thread-26783#
[PollStageAppStatusExecution] 73ed2dc8-b263-4a3d-9470-8f8b426a9085 [2026-05-01T11:49:09.436544] Cell c839c7b1-088e-41af-b9b7-66256aacd457 successfully created container for instance aa0c794f-9898-45c2-5a81-5ca0 (STDOUT, CELL)#
#2026 05 01 12:04:28.731#Z#DEBUG#c8df2564-4555-11f1-8bc2-eeee0a96607a.backorder-history-srv#flowable-async-job-executor-thread-26783#
[PollStageAppStatusExecution] 73ed2dc8-b263-4a3d-9470-8f8b426a9085 [2026-05-01T11:49:10.597273] Downloading droplet... (STDOUT, CELL)#
#2026 05 01 12:04:28.731#Z#DEBUG#c8df2564-4555-11f1-8bc2-eeee0a96607a.backorder-history-srv#flowable-async-job-executor-thread-26783#
[PollStageAppStatusExecution] 73ed2dc8-b263-4a3d-9470-8f8b426a9085 [2026-05-01T11:49:16.168769] Downloaded droplet (98.2M) (STDOUT, CELL)#
#2026 05 01 12:04:28.731#Z#DEBUG#c8df2564-4555-11f1-8bc2-eeee0a96607a.backorder-history-srv#flowable-async-job-executor-thread-26783#
[PollStageAppStatusExecution] 73ed2dc8-b263-4a3d-9470-8f8b426a9085 [2026-05-01T11:49:16.168946] Starting health monitoring of container (STDOUT, CELL)#
#2026 05 01 12:04:28.731#Z#DEBUG#c8df2564-4555-11f1-8bc2-eeee0a96607a.backorder-history-srv#flowable-async-job-executor-thread-26783#
[PollStageAppStatusExecution] 73ed2dc8-b263-4a3d-9470-8f8b426a9085 [2026-05-01T11:49:16.307538] Invoking pre-start scripts. (STDOUT, APP/PROC/WEB)#
#2026 05 01 12:04:28.731#Z#DEBUG#c8df2564-4555-11f1-8bc2-eeee0a96607a.backorder-history-srv#flowable-async-job-executor-thread-26783#
[PollStageAppStatusExecution] 73ed2dc8-b263-4a3d-9470-8f8b426a9085 [2026-05-01T11:49:16.533282] Invoking start command. (STDOUT, APP/PROC/WEB)#
#2026 05 01 12:04:28.732#Z#DEBUG#c8df2564-4555-11f1-8bc2-eeee0a96607a.backorder-history-srv#flowable-async-job-executor-thread-26783#
[PollStageAppStatusExecution] 73ed2dc8-b263-4a3d-9470-8f8b426a9085 [2026-05-01T11:49:16.993778] > backorder-history@1.0.0 start (STDOUT, APP/PROC/WEB)#
#2026 05 01 12:04:28.732#Z#DEBUG#c8df2564-4555-11f1-8bc2-eeee0a96607a.backorder-history-srv#flowable-async-job-executor-thread-26783#
[PollStageAppStatusExecution] 73ed2dc8-b263-4a3d-9470-8f8b426a9085 [2026-05-01T11:49:16.993808] > cds-serve (STDOUT, APP/PROC/WEB)#
#2026 05 01 12:04:28.732#Z#DEBUG#c8df2564-4555-11f1-8bc2-eeee0a96607a.backorder-history-srv#flowable-async-job-executor-thread-26783#
[PollStageAppStatusExecution] 73ed2dc8-b263-4a3d-9470-8f8b426a9085 [2026-05-01T11:49:17.076821] [cds] - bootstrapping from { file: 'srv/server.js' } (STDOUT, APP/PROC/WEB)#
#2026 05 01 12:04:28.732#Z#DEBUG#c8df2564-4555-11f1-8bc2-eeee0a96607a.backorder-history-srv#flowable-async-job-executor-thread-26783#
[PollStageAppStatusExecution] 73ed2dc8-b263-4a3d-9470-8f8b426a9085 [2026-05-01T11:49:17.301680] {"level":"info","logger":"cds","timestamp":"2026-05-01T11:49:17.300Z","layer":"cds","component_type":"application","container_id":"10.32.2.6","component_id":"73ed2dc8-b263-4a3d-9470-8f8b426a9085","component_name":"backorder-history-srv","component_instance":0,"source_instance":0,"organization_name":"994ae882trial","organization_id":"1883dc8c-1327-4ff3-b311-d37148c9d798","space_name":"dev","space_id":"c51380c4-d99a-4d8c-a5f3-74fd0dd27165","msg":"loaded model from 1 file(s):\n ","type":"log"} (STDOUT, APP/PROC/WEB)#
#2026 05 01 12:04:28.732#Z#DEBUG#c8df2564-4555-11f1-8bc2-eeee0a96607a.backorder-history-srv#flowable-async-job-executor-thread-26783#
[PollStageAppStatusExecution] 73ed2dc8-b263-4a3d-9470-8f8b426a9085 [2026-05-01T11:49:17.301712] srv/csn.json (STDOUT, APP/PROC/WEB)#
#2026 05 01 12:04:28.732#Z#DEBUG#c8df2564-4555-11f1-8bc2-eeee0a96607a.backorder-history-srv#flowable-async-job-executor-thread-26783#
[PollStageAppStatusExecution] 73ed2dc8-b263-4a3d-9470-8f8b426a9085 [2026-05-01T11:49:17.531855] {"level":"warn","logger":"@sap/hana-client","timestamp":"2026-05-01T11:49:17.531Z","layer":"cds","component_type":"application","container_id":"10.32.2.6","component_id":"73ed2dc8-b263-4a3d-9470-8f8b426a9085","component_name":"backorder-history-srv","component_instance":0,"source_instance":0,"organization_name":"994ae882trial","organization_id":"1883dc8c-1327-4ff3-b311-d37148c9d798","space_name":"dev","space_id":"c51380c4-d99a-4d8c-a5f3-74fd0dd27165","msg":"When using @sap/hana-client, it's strongly recommended to adjust its thread pool size with environment variable `HDB_NODEJS_THREADPOOL_SIZE`, otherwise it might lead to performance issues.\nLearn more: https://help.sap.com/docs/SAP_HANA_CLIENT/f1b440ded6144a54ada97ff95dac7adf/31a8c93a574b4f8fb6a8366d2c758f21.html","type":"log"} (STDERR, APP/PROC/WEB)#
#2026 05 01 12:04:28.732#Z#DEBUG#c8df2564-4555-11f1-8bc2-eeee0a96607a.backorder-history-srv#flowable-async-job-executor-thread-26783#
[PollStageAppStatusExecution] 73ed2dc8-b263-4a3d-9470-8f8b426a9085 [2026-05-01T11:49:17.547503] {"level":"info","logger":"cds","timestamp":"2026-05-01T11:49:17.546Z","layer":"cds","component_type":"application","container_id":"10.32.2.6","component_id":"73ed2dc8-b263-4a3d-9470-8f8b426a9085","component_name":"backorder-history-srv","component_instance":0,"source_instance":0,"organization_name":"994ae882trial","organization_id":"1883dc8c-1327-4ff3-b311-d37148c9d798","space_name":"dev","space_id":"c51380c4-d99a-4d8c-a5f3-74fd0dd27165","msg":"connect to db > hana {\n  database_id: '6703edeb-85df-4a05-8b2e-2690704f9dbc',\n  host: '6703edeb-85df-4a05-8b2e-2690704f9dbc.hna1.prod-us10.hanacloud.ondemand.com',\n  port: '443',\n  driver: 'com.sap.db.jdbc.Driver',\n  url: 'jdbc:sap://6703edeb-85df-4a05-8b2e-2690704f9dbc.hna1.prod-us10.hanacloud.ondemand.com:443?encrypt=true&validateCertificate=true&currentschema=A811A85E0AB14A8FB8293A804FCBE2A0',\n  schema: 'A811A85E0AB14A8FB8293A804FCBE2A0',\n  certificate: '...',\n  hdi_user: 'A811A85E0AB14A8FB8293A804FCBE2A0_3DB8VRTG9C005X79VUNMSYEXG_DT',\n  hdi_password: '...',\n  user: 'A811A85E0AB14A8FB8293A804FCBE2A0_3DB8VRTG9C005X79VUNMSYEXG_RT',\n  password: '...'\n}","type":"log"} (STDOUT, APP/PROC/WEB)#
#2026 05 01 12:04:28.732#Z#DEBUG#c8df2564-4555-11f1-8bc2-eeee0a96607a.backorder-history-srv#flowable-async-job-executor-thread-26783#
[PollStageAppStatusExecution] 73ed2dc8-b263-4a3d-9470-8f8b426a9085 [2026-05-01T11:49:17.591270] {"level":"info","logger":"cds","timestamp":"2026-05-01T11:49:17.590Z","layer":"cds","component_type":"application","container_id":"10.32.2.6","component_id":"73ed2dc8-b263-4a3d-9470-8f8b426a9085","component_name":"backorder-history-srv","component_instance":0,"source_instance":0,"organization_name":"994ae882trial","organization_id":"1883dc8c-1327-4ff3-b311-d37148c9d798","space_name":"dev","space_id":"c51380c4-d99a-4d8c-a5f3-74fd0dd27165","msg":"using auth strategy { kind: 'dummy' }","type":"log"} (STDOUT, APP/PROC/WEB)#
#2026 05 01 12:04:28.732#Z#DEBUG#c8df2564-4555-11f1-8bc2-eeee0a96607a.backorder-history-srv#flowable-async-job-executor-thread-26783#
[PollStageAppStatusExecution] 73ed2dc8-b263-4a3d-9470-8f8b426a9085 [2026-05-01T11:49:17.619165] {"level":"info","logger":"cds","timestamp":"2026-05-01T11:49:17.618Z","layer":"cds","component_type":"application","container_id":"10.32.2.6","component_id":"73ed2dc8-b263-4a3d-9470-8f8b426a9085","component_name":"backorder-history-srv","component_instance":0,"source_instance":0,"organization_name":"994ae882trial","organization_id":"1883dc8c-1327-4ff3-b311-d37148c9d798","space_name":"dev","space_id":"c51380c4-d99a-4d8c-a5f3-74fd0dd27165","msg":"serving BackOrderService {\n  at: [ '/odata/v4/back-order' ],\n  decl: 'srv/csn.json:153',\n  impl: 'srv/backorder-service.js'\n}","type":"log"} (STDOUT, APP/PROC/WEB)#
#2026 05 01 12:04:28.732#Z#DEBUG#c8df2564-4555-11f1-8bc2-eeee0a96607a.backorder-history-srv#flowable-async-job-executor-thread-26783#
[PollStageAppStatusExecution] 73ed2dc8-b263-4a3d-9470-8f8b426a9085 [2026-05-01T11:49:17.628185] {"level":"info","logger":"cds","timestamp":"2026-05-01T11:49:17.627Z","layer":"cds","component_type":"application","container_id":"10.32.2.6","component_id":"73ed2dc8-b263-4a3d-9470-8f8b426a9085","component_name":"backorder-history-srv","component_instance":0,"source_instance":0,"organization_name":"994ae882trial","organization_id":"1883dc8c-1327-4ff3-b311-d37148c9d798","space_name":"dev","space_id":"c51380c4-d99a-4d8c-a5f3-74fd0dd27165","msg":"server listening on { url: 'http://localhost:8080' }","type":"log"} (STDOUT, APP/PROC/WEB)#
#2026 05 01 12:04:28.732#Z#DEBUG#c8df2564-4555-11f1-8bc2-eeee0a96607a.backorder-history-srv#flowable-async-job-executor-thread-26783#
[PollStageAppStatusExecution] 73ed2dc8-b263-4a3d-9470-8f8b426a9085 [2026-05-01T11:49:17.629811] {"level":"info","logger":"cds","timestamp":"2026-05-01T11:49:17.629Z","layer":"cds","component_type":"application","container_id":"10.32.2.6","component_id":"73ed2dc8-b263-4a3d-9470-8f8b426a9085","component_name":"backorder-history-srv","component_instance":0,"source_instance":0,"organization_name":"994ae882trial","organization_id":"1883dc8c-1327-4ff3-b311-d37148c9d798","space_name":"dev","space_id":"c51380c4-d99a-4d8c-a5f3-74fd0dd27165","msg":"server v9.9.1 launched in 623 ms","type":"log"} (STDOUT, APP/PROC/WEB)#
#2026 05 01 12:04:28.732#Z#DEBUG#c8df2564-4555-11f1-8bc2-eeee0a96607a.backorder-history-srv#flowable-async-job-executor-thread-26783#
[PollStageAppStatusExecution] 73ed2dc8-b263-4a3d-9470-8f8b426a9085 [2026-05-01T11:49:19.259211] Container became healthy (STDOUT, CELL)#
#2026 05 01 12:04:28.732#Z#DEBUG#c8df2564-4555-11f1-8bc2-eeee0a96607a.backorder-history-srv#flowable-async-job-executor-thread-26783#
[PollStageAppStatusExecution] 73ed2dc8-b263-4a3d-9470-8f8b426a9085 [2026-05-01T11:49:19.285667] Process became ready with guid 73ed2dc8-b263-4a3d-9470-8f8b426a9085 payload: {"instance"=>"aa0c794f-9898-45c2-5a81-5ca0", "index"=>0, "cell_id"=>"c839c7b1-088e-41af-b9b7-66256aacd457", "ready"=>true, "version"=>"b77d7a7a-f641-421d-ad4f-db454e549790"} (STDOUT, API)#
#2026 05 01 12:04:28.732#Z#DEBUG#c8df2564-4555-11f1-8bc2-eeee0a96607a.backorder-history-srv#flowable-async-job-executor-thread-26783#
[PollStageAppStatusExecution] 73ed2dc8-b263-4a3d-9470-8f8b426a9085 [2026-05-01T11:49:34.575564] Cell c839c7b1-088e-41af-b9b7-66256aacd457 destroying container for instance 7717835b-8b08-45ec-7dbb-6e19 (STDOUT, CELL)#
#2026 05 01 12:04:28.732#Z#DEBUG#c8df2564-4555-11f1-8bc2-eeee0a96607a.backorder-history-srv#flowable-async-job-executor-thread-26783#
[PollStageAppStatusExecution] 73ed2dc8-b263-4a3d-9470-8f8b426a9085 [2026-05-01T11:49:34.758454] Exit status 137 (STDOUT, PROXY)#
#2026 05 01 12:04:28.732#Z#DEBUG#c8df2564-4555-11f1-8bc2-eeee0a96607a.backorder-history-srv#flowable-async-job-executor-thread-26783#
[PollStageAppStatusExecution] 73ed2dc8-b263-4a3d-9470-8f8b426a9085 [2026-05-01T11:49:37.153160] Cell c839c7b1-088e-41af-b9b7-66256aacd457 successfully destroyed container for instance 7717835b-8b08-45ec-7dbb-6e19 (STDOUT, CELL)#
#2026 05 01 12:04:28.732#Z#DEBUG#c8df2564-4555-11f1-8bc2-eeee0a96607a.backorder-history-srv#flowable-async-job-executor-thread-26783#
[PollStageAppStatusExecution] 73ed2dc8-b263-4a3d-9470-8f8b426a9085 [2026-05-01T12:03:50.073415] Updated app with guid 73ed2dc8-b263-4a3d-9470-8f8b426a9085 ({"metadata"=>{"annotations"=>{"mta_id"=>"backorder-history", "mta_version"=>"1.0.0", "mta_module"=>"{\"name\":\"backorder-history-srv\"}", "mta_module_provided_dependencies"=>"[]", "mta_bound_services"=>"[\"backorder-db\",\"backorder-history-xsuaa\"]"}, "labels"=>{"mta_id"=>"2a8116cd5454191867b4ccd652598f0d"}}}) (STDOUT, API)#
#2026 05 01 12:04:28.732#Z#DEBUG#c8df2564-4555-11f1-8bc2-eeee0a96607a.backorder-history-srv#flowable-async-job-executor-thread-26783#
[PollStageAppStatusExecution] 73ed2dc8-b263-4a3d-9470-8f8b426a9085 [2026-05-01T12:03:50.296562] Updated app with guid 73ed2dc8-b263-4a3d-9470-8f8b426a9085 ({"lifecycle"=>{"data"=>{"buildpacks"=>["nodejs_buildpack"]}, "type"=>"buildpack"}}) (STDOUT, API)#
#2026 05 01 12:04:28.732#Z#DEBUG#c8df2564-4555-11f1-8bc2-eeee0a96607a.backorder-history-srv#flowable-async-job-executor-thread-26783#
[PollStageAppStatusExecution] 73ed2dc8-b263-4a3d-9470-8f8b426a9085 [2026-05-01T12:03:50.387663] Updating process: "web" (STDOUT, API)#
#2026 05 01 12:04:28.732#Z#DEBUG#c8df2564-4555-11f1-8bc2-eeee0a96607a.backorder-history-srv#flowable-async-job-executor-thread-26783#
[PollStageAppStatusExecution] 73ed2dc8-b263-4a3d-9470-8f8b426a9085 [2026-05-01T12:04:09.969338] Uploading app package for app with guid 73ed2dc8-b263-4a3d-9470-8f8b426a9085 (STDOUT, API)#
#2026 05 01 12:04:28.732#Z#DEBUG#c8df2564-4555-11f1-8bc2-eeee0a96607a.backorder-history-srv#flowable-async-job-executor-thread-26783#
[PollStageAppStatusExecution] 73ed2dc8-b263-4a3d-9470-8f8b426a9085 [2026-05-01T12:04:10.215268] Updated app with guid 73ed2dc8-b263-4a3d-9470-8f8b426a9085 ({"environment_variables"=>"[PRIVATE DATA HIDDEN]"}) (STDOUT, API)#
#2026 05 01 12:04:28.732#Z#DEBUG#c8df2564-4555-11f1-8bc2-eeee0a96607a.backorder-history-srv#flowable-async-job-executor-thread-26783#
[PollStageAppStatusExecution] 73ed2dc8-b263-4a3d-9470-8f8b426a9085 [2026-05-01T12:04:19.025922] Stopping app with guid 73ed2dc8-b263-4a3d-9470-8f8b426a9085 (STDOUT, API)#
#2026 05 01 12:04:28.732#Z#DEBUG#c8df2564-4555-11f1-8bc2-eeee0a96607a.backorder-history-srv#flowable-async-job-executor-thread-26783#
[PollStageAppStatusExecution] 73ed2dc8-b263-4a3d-9470-8f8b426a9085 [2026-05-01T12:04:19.068794] Cell c839c7b1-088e-41af-b9b7-66256aacd457 stopping instance aa0c794f-9898-45c2-5a81-5ca0 (STDOUT, CELL)#
#2026 05 01 12:04:28.732#Z#DEBUG#c8df2564-4555-11f1-8bc2-eeee0a96607a.backorder-history-srv#flowable-async-job-executor-thread-26783#
[PollStageAppStatusExecution] 73ed2dc8-b263-4a3d-9470-8f8b426a9085 [2026-05-01T12:04:19.232483] Creating build for app with guid 73ed2dc8-b263-4a3d-9470-8f8b426a9085 (STDOUT, API)#
#2026 05 01 12:04:28.732#Z#DEBUG#c8df2564-4555-11f1-8bc2-eeee0a96607a.backorder-history-srv#flowable-async-job-executor-thread-26783#
[PollStageAppStatusExecution] 73ed2dc8-b263-4a3d-9470-8f8b426a9085 [2026-05-01T12:04:19.650977] Downloading nodejs_buildpack... (STDOUT, STG)#
#2026 05 01 12:04:28.732#Z#DEBUG#c8df2564-4555-11f1-8bc2-eeee0a96607a.backorder-history-srv#flowable-async-job-executor-thread-26783#
[PollStageAppStatusExecution] 73ed2dc8-b263-4a3d-9470-8f8b426a9085 [2026-05-01T12:04:19.703551] Downloaded nodejs_buildpack (STDOUT, STG)#
#2026 05 01 12:04:28.732#Z#DEBUG#c8df2564-4555-11f1-8bc2-eeee0a96607a.backorder-history-srv#flowable-async-job-executor-thread-26783#
[PollStageAppStatusExecution] 73ed2dc8-b263-4a3d-9470-8f8b426a9085 [2026-05-01T12:04:19.703628] Cell 684caff8-89cd-492b-be01-b3d0835f1763 creating container for instance a8f3d7f0-cc38-4205-80ef-500bbeba8da7 (STDOUT, STG)#
#2026 05 01 12:04:28.732#Z#DEBUG#c8df2564-4555-11f1-8bc2-eeee0a96607a.backorder-history-srv#flowable-async-job-executor-thread-26783#
[PollStageAppStatusExecution] 73ed2dc8-b263-4a3d-9470-8f8b426a9085 [2026-05-01T12:04:20.456503] Security group rules were updated (STDOUT, STG)#
#2026 05 01 12:04:28.732#Z#DEBUG#c8df2564-4555-11f1-8bc2-eeee0a96607a.backorder-history-srv#flowable-async-job-executor-thread-26783#
[PollStageAppStatusExecution] 73ed2dc8-b263-4a3d-9470-8f8b426a9085 [2026-05-01T12:04:20.797008] Cell 684caff8-89cd-492b-be01-b3d0835f1763 successfully created container for instance a8f3d7f0-cc38-4205-80ef-500bbeba8da7 (STDOUT, STG)#
#2026 05 01 12:04:28.732#Z#DEBUG#c8df2564-4555-11f1-8bc2-eeee0a96607a.backorder-history-srv#flowable-async-job-executor-thread-26783#
[PollStageAppStatusExecution] 73ed2dc8-b263-4a3d-9470-8f8b426a9085 [2026-05-01T12:04:21.511251] Downloading app package... (STDOUT, STG)#
#2026 05 01 12:04:28.732#Z#DEBUG#c8df2564-4555-11f1-8bc2-eeee0a96607a.backorder-history-srv#flowable-async-job-executor-thread-26783#
[PollStageAppStatusExecution] 73ed2dc8-b263-4a3d-9470-8f8b426a9085 [2026-05-01T12:04:21.511271] Downloading build artifacts cache... (STDOUT, STG)#
#2026 05 01 12:04:28.732#Z#DEBUG#c8df2564-4555-11f1-8bc2-eeee0a96607a.backorder-history-srv#flowable-async-job-executor-thread-26783#
[PollStageAppStatusExecution] 73ed2dc8-b263-4a3d-9470-8f8b426a9085 [2026-05-01T12:04:21.660826] Downloaded build artifacts cache (226B) (STDOUT, STG)#
#2026 05 01 12:04:28.732#Z#DEBUG#c8df2564-4555-11f1-8bc2-eeee0a96607a.backorder-history-srv#flowable-async-job-executor-thread-26783#
[PollStageAppStatusExecution] 73ed2dc8-b263-4a3d-9470-8f8b426a9085 [2026-05-01T12:04:24.337206] Downloaded app package (45.3M) (STDOUT, STG)#
#2026 05 01 12:04:28.732#Z#DEBUG#c8df2564-4555-11f1-8bc2-eeee0a96607a.backorder-history-srv#flowable-async-job-executor-thread-26783#
[PollStageAppStatusExecution] 73ed2dc8-b263-4a3d-9470-8f8b426a9085 [2026-05-01T12:04:24.449047] -----> Nodejs Buildpack version 1.8.44 (STDOUT, STG)#
#2026 05 01 12:04:28.732#Z#DEBUG#c8df2564-4555-11f1-8bc2-eeee0a96607a.backorder-history-srv#flowable-async-job-executor-thread-26783#
[PollStageAppStatusExecution] 73ed2dc8-b263-4a3d-9470-8f8b426a9085 [2026-05-01T12:04:25.035975] -----> Bootstrapping python (STDOUT, STG)#
#2026 05 01 12:04:28.732#Z#DEBUG#c8df2564-4555-11f1-8bc2-eeee0a96607a.backorder-history-srv#flowable-async-job-executor-thread-26783#
[PollStageAppStatusExecution] 73ed2dc8-b263-4a3d-9470-8f8b426a9085 [2026-05-01T12:04:25.035997] -----> Installing python 3.11.14 (STDOUT, STG)#
#2026 05 01 12:04:28.732#Z#DEBUG#c8df2564-4555-11f1-8bc2-eeee0a96607a.backorder-history-srv#flowable-async-job-executor-thread-26783#
[PollStageAppStatusExecution] 73ed2dc8-b263-4a3d-9470-8f8b426a9085 [2026-05-01T12:04:25.036012] Copy [/tmp/buildpacks/978cee5ec9c58000/dependencies/b5e0345ae0ae1932e7d56fffaa49a487/python_3.11.14_linux_x64_cflinuxfs4_66f53248.tgz] (STDOUT, STG)#
#2026 05 01 12:04:38.792#Z#DEBUG#c8df2564-4555-11f1-8bc2-eeee0a96607a.backorder-history-srv#flowable-async-job-executor-thread-26792#
[PollStageAppStatusExecution] 73ed2dc8-b263-4a3d-9470-8f8b426a9085 [2026-05-01T12:04:29.128416] -----> Installing binaries (STDOUT, STG)#
#2026 05 01 12:04:38.792#Z#DEBUG#c8df2564-4555-11f1-8bc2-eeee0a96607a.backorder-history-srv#flowable-async-job-executor-thread-26792#
[PollStageAppStatusExecution] 73ed2dc8-b263-4a3d-9470-8f8b426a9085 [2026-05-01T12:04:29.128563] engines.node (package.json): >=20 (STDOUT, STG)#
#2026 05 01 12:04:38.792#Z#DEBUG#c8df2564-4555-11f1-8bc2-eeee0a96607a.backorder-history-srv#flowable-async-job-executor-thread-26792#
[PollStageAppStatusExecution] 73ed2dc8-b263-4a3d-9470-8f8b426a9085 [2026-05-01T12:04:29.128578] engines.npm (package.json): unspecified (use default) (STDOUT, STG)#
#2026 05 01 12:04:38.792#Z#DEBUG#c8df2564-4555-11f1-8bc2-eeee0a96607a.backorder-history-srv#flowable-async-job-executor-thread-26792#
[PollStageAppStatusExecution] 73ed2dc8-b263-4a3d-9470-8f8b426a9085 [2026-05-01T12:04:29.128599] [31;1m**WARNING**[0m Dangerous semver range (>) in engines.node. See: http://docs.cloudfoundry.org/buildpacks/node/node-tips.html (STDOUT, STG)#
#2026 05 01 12:04:38.792#Z#DEBUG#c8df2564-4555-11f1-8bc2-eeee0a96607a.backorder-history-srv#flowable-async-job-executor-thread-26792#
[PollStageAppStatusExecution] 73ed2dc8-b263-4a3d-9470-8f8b426a9085 [2026-05-01T12:04:29.128699] -----> Installing node 24.13.0 (STDOUT, STG)#
#2026 05 01 12:04:38.792#Z#DEBUG#c8df2564-4555-11f1-8bc2-eeee0a96607a.backorder-history-srv#flowable-async-job-executor-thread-26792#
[PollStageAppStatusExecution] 73ed2dc8-b263-4a3d-9470-8f8b426a9085 [2026-05-01T12:04:29.128853] Copy [/tmp/buildpacks/978cee5ec9c58000/dependencies/2f5692219fecc3eee6e6d507a6bfe7b9/node_24.13.0_linux_x64_cflinuxfs4_a816dee1.tgz] (STDOUT, STG)#
#2026 05 01 12:04:38.792#Z#DEBUG#c8df2564-4555-11f1-8bc2-eeee0a96607a.backorder-history-srv#flowable-async-job-executor-thread-26792#
[PollStageAppStatusExecution] 73ed2dc8-b263-4a3d-9470-8f8b426a9085 [2026-05-01T12:04:31.691904] Using default npm version: 11.6.2 (STDOUT, STG)#
#2026 05 01 12:04:38.792#Z#DEBUG#c8df2564-4555-11f1-8bc2-eeee0a96607a.backorder-history-srv#flowable-async-job-executor-thread-26792#
[PollStageAppStatusExecution] 73ed2dc8-b263-4a3d-9470-8f8b426a9085 [2026-05-01T12:04:31.691931] -----> Installing yarn 1.22.22 (STDOUT, STG)#
#2026 05 01 12:04:38.792#Z#DEBUG#c8df2564-4555-11f1-8bc2-eeee0a96607a.backorder-history-srv#flowable-async-job-executor-thread-26792#
[PollStageAppStatusExecution] 73ed2dc8-b263-4a3d-9470-8f8b426a9085 [2026-05-01T12:04:31.691959] Copy [/tmp/buildpacks/978cee5ec9c58000/dependencies/e3a39aedd1236924d69cc2d0637a8ed2/yarn_1.22.22_linux_noarch_any-stack_4911d0a6.tgz] (STDOUT, STG)#
#2026 05 01 12:04:38.792#Z#DEBUG#c8df2564-4555-11f1-8bc2-eeee0a96607a.backorder-history-srv#flowable-async-job-executor-thread-26792#
[PollStageAppStatusExecution] 73ed2dc8-b263-4a3d-9470-8f8b426a9085 [2026-05-01T12:04:32.054198] Installed yarn 1.22.22 (STDOUT, STG)#
#2026 05 01 12:04:38.792#Z#DEBUG#c8df2564-4555-11f1-8bc2-eeee0a96607a.backorder-history-srv#flowable-async-job-executor-thread-26792#
[PollStageAppStatusExecution] 73ed2dc8-b263-4a3d-9470-8f8b426a9085 [2026-05-01T12:04:32.054227] -----> Creating runtime environment (STDOUT, STG)#
#2026 05 01 12:04:38.792#Z#DEBUG#c8df2564-4555-11f1-8bc2-eeee0a96607a.backorder-history-srv#flowable-async-job-executor-thread-26792#
[PollStageAppStatusExecution] 73ed2dc8-b263-4a3d-9470-8f8b426a9085 [2026-05-01T12:04:32.056164] NODE_ENV=production (STDOUT, STG)#
#2026 05 01 12:04:38.792#Z#DEBUG#c8df2564-4555-11f1-8bc2-eeee0a96607a.backorder-history-srv#flowable-async-job-executor-thread-26792#
[PollStageAppStatusExecution] 73ed2dc8-b263-4a3d-9470-8f8b426a9085 [2026-05-01T12:04:32.056180] NODE_HOME=/tmp/contents1995486313/deps/0/node (STDOUT, STG)#
#2026 05 01 12:04:38.792#Z#DEBUG#c8df2564-4555-11f1-8bc2-eeee0a96607a.backorder-history-srv#flowable-async-job-executor-thread-26792#
[PollStageAppStatusExecution] 73ed2dc8-b263-4a3d-9470-8f8b426a9085 [2026-05-01T12:04:32.056184] NODE_MODULES_CACHE=true (STDOUT, STG)#
#2026 05 01 12:04:38.792#Z#DEBUG#c8df2564-4555-11f1-8bc2-eeee0a96607a.backorder-history-srv#flowable-async-job-executor-thread-26792#
[PollStageAppStatusExecution] 73ed2dc8-b263-4a3d-9470-8f8b426a9085 [2026-05-01T12:04:32.056186] NODE_VERBOSE=false (STDOUT, STG)#
#2026 05 01 12:04:38.792#Z#DEBUG#c8df2564-4555-11f1-8bc2-eeee0a96607a.backorder-history-srv#flowable-async-job-executor-thread-26792#
[PollStageAppStatusExecution] 73ed2dc8-b263-4a3d-9470-8f8b426a9085 [2026-05-01T12:04:32.056189] NPM_CONFIG_LOGLEVEL=error (STDOUT, STG)#
#2026 05 01 12:04:38.792#Z#DEBUG#c8df2564-4555-11f1-8bc2-eeee0a96607a.backorder-history-srv#flowable-async-job-executor-thread-26792#
[PollStageAppStatusExecution] 73ed2dc8-b263-4a3d-9470-8f8b426a9085 [2026-05-01T12:04:32.056192] NPM_CONFIG_PRODUCTION=true (STDOUT, STG)#
#2026 05 01 12:04:38.792#Z#DEBUG#c8df2564-4555-11f1-8bc2-eeee0a96607a.backorder-history-srv#flowable-async-job-executor-thread-26792#
[PollStageAppStatusExecution] 73ed2dc8-b263-4a3d-9470-8f8b426a9085 [2026-05-01T12:04:32.056245] -----> Building dependencies (STDOUT, STG)#
#2026 05 01 12:04:38.792#Z#DEBUG#c8df2564-4555-11f1-8bc2-eeee0a96607a.backorder-history-srv#flowable-async-job-executor-thread-26792#
[PollStageAppStatusExecution] 73ed2dc8-b263-4a3d-9470-8f8b426a9085 [2026-05-01T12:04:32.056274] Prebuild detected (node_modules already exists) (STDOUT, STG)#
#2026 05 01 12:04:38.792#Z#DEBUG#c8df2564-4555-11f1-8bc2-eeee0a96607a.backorder-history-srv#flowable-async-job-executor-thread-26792#
[PollStageAppStatusExecution] 73ed2dc8-b263-4a3d-9470-8f8b426a9085 [2026-05-01T12:04:32.056291] Rebuilding any native modules (STDOUT, STG)#
#2026 05 01 12:04:38.792#Z#DEBUG#c8df2564-4555-11f1-8bc2-eeee0a96607a.backorder-history-srv#flowable-async-job-executor-thread-26792#
[PollStageAppStatusExecution] 73ed2dc8-b263-4a3d-9470-8f8b426a9085 [2026-05-01T12:04:33.044129] rebuilt dependencies successfully (STDOUT, STG)#
#2026 05 01 12:04:38.792#Z#DEBUG#c8df2564-4555-11f1-8bc2-eeee0a96607a.backorder-history-srv#flowable-async-job-executor-thread-26792#
[PollStageAppStatusExecution] 73ed2dc8-b263-4a3d-9470-8f8b426a9085 [2026-05-01T12:04:33.046210] npm notice (STDOUT, STG)#
#2026 05 01 12:04:38.792#Z#DEBUG#c8df2564-4555-11f1-8bc2-eeee0a96607a.backorder-history-srv#flowable-async-job-executor-thread-26792#
[PollStageAppStatusExecution] 73ed2dc8-b263-4a3d-9470-8f8b426a9085 [2026-05-01T12:04:33.046229] npm notice New minor version of npm available! 11.6.2 -> 11.13.0 (STDOUT, STG)#
#2026 05 01 12:04:38.792#Z#DEBUG#c8df2564-4555-11f1-8bc2-eeee0a96607a.backorder-history-srv#flowable-async-job-executor-thread-26792#
[PollStageAppStatusExecution] 73ed2dc8-b263-4a3d-9470-8f8b426a9085 [2026-05-01T12:04:33.046233] npm notice Changelog: https://github.com/npm/cli/releases/tag/v11.13.0 (STDOUT, STG)#
#2026 05 01 12:04:38.792#Z#DEBUG#c8df2564-4555-11f1-8bc2-eeee0a96607a.backorder-history-srv#flowable-async-job-executor-thread-26792#
[PollStageAppStatusExecution] 73ed2dc8-b263-4a3d-9470-8f8b426a9085 [2026-05-01T12:04:33.046240] npm notice To update run: npm install -g npm@11.13.0 (STDOUT, STG)#
#2026 05 01 12:04:38.792#Z#DEBUG#c8df2564-4555-11f1-8bc2-eeee0a96607a.backorder-history-srv#flowable-async-job-executor-thread-26792#
[PollStageAppStatusExecution] 73ed2dc8-b263-4a3d-9470-8f8b426a9085 [2026-05-01T12:04:33.046242] npm notice (STDOUT, STG)#
#2026 05 01 12:04:38.792#Z#DEBUG#c8df2564-4555-11f1-8bc2-eeee0a96607a.backorder-history-srv#flowable-async-job-executor-thread-26792#
[PollStageAppStatusExecution] 73ed2dc8-b263-4a3d-9470-8f8b426a9085 [2026-05-01T12:04:33.119662] Installing any new modules (package.json + package-lock.json) (STDOUT, STG)#
#2026 05 01 12:04:38.792#Z#DEBUG#c8df2564-4555-11f1-8bc2-eeee0a96607a.backorder-history-srv#flowable-async-job-executor-thread-26792#
[PollStageAppStatusExecution] 73ed2dc8-b263-4a3d-9470-8f8b426a9085 [2026-05-01T12:04:33.988129] removed 16 packages in 788ms (STDOUT, STG)#
#2026 05 01 12:04:38.792#Z#DEBUG#c8df2564-4555-11f1-8bc2-eeee0a96607a.backorder-history-srv#flowable-async-job-executor-thread-26792#
[PollStageAppStatusExecution] 73ed2dc8-b263-4a3d-9470-8f8b426a9085 [2026-05-01T12:04:33.988665] 27 packages are looking for funding (STDOUT, STG)#
#2026 05 01 12:04:38.792#Z#DEBUG#c8df2564-4555-11f1-8bc2-eeee0a96607a.backorder-history-srv#flowable-async-job-executor-thread-26792#
[PollStageAppStatusExecution] 73ed2dc8-b263-4a3d-9470-8f8b426a9085 [2026-05-01T12:04:33.988946] run `npm fund` for details (STDOUT, STG)#
#2026 05 01 12:04:38.792#Z#DEBUG#c8df2564-4555-11f1-8bc2-eeee0a96607a.backorder-history-srv#flowable-async-job-executor-thread-26792#
[PollStageAppStatusExecution] 73ed2dc8-b263-4a3d-9470-8f8b426a9085 [2026-05-01T12:04:35.063520] Contrast Security no credentials found. Will not write environment files. (STDOUT, STG)#
#2026 05 01 12:04:58.850#Z#DEBUG#c8df2564-4555-11f1-8bc2-eeee0a96607a.backorder-history-srv#flowable-async-job-executor-thread-26805#
[PollStageAppStatusExecution] 73ed2dc8-b263-4a3d-9470-8f8b426a9085 [2026-05-01T12:04:49.864391] Exit status 0 (STDOUT, STG)#
#2026 05 01 12:04:58.850#Z#DEBUG#c8df2564-4555-11f1-8bc2-eeee0a96607a.backorder-history-srv#flowable-async-job-executor-thread-26805#
[PollStageAppStatusExecution] 73ed2dc8-b263-4a3d-9470-8f8b426a9085 [2026-05-01T12:04:49.864786] Uploading droplet, build artifacts cache... (STDOUT, STG)#
#2026 05 01 12:04:58.850#Z#DEBUG#c8df2564-4555-11f1-8bc2-eeee0a96607a.backorder-history-srv#flowable-async-job-executor-thread-26805#
[PollStageAppStatusExecution] 73ed2dc8-b263-4a3d-9470-8f8b426a9085 [2026-05-01T12:04:49.864882] Uploading droplet... (STDOUT, STG)#
#2026 05 01 12:04:58.850#Z#DEBUG#c8df2564-4555-11f1-8bc2-eeee0a96607a.backorder-history-srv#flowable-async-job-executor-thread-26805#
[PollStageAppStatusExecution] 73ed2dc8-b263-4a3d-9470-8f8b426a9085 [2026-05-01T12:04:49.864891] Uploading build artifacts cache... (STDOUT, STG)#
#2026 05 01 12:04:58.850#Z#DEBUG#c8df2564-4555-11f1-8bc2-eeee0a96607a.backorder-history-srv#flowable-async-job-executor-thread-26805#
[PollStageAppStatusExecution] 73ed2dc8-b263-4a3d-9470-8f8b426a9085 [2026-05-01T12:04:49.900632] Uploaded build artifacts cache (226B) (STDOUT, STG)#
#2026 05 01 12:04:58.850#Z#DEBUG#c8df2564-4555-11f1-8bc2-eeee0a96607a.backorder-history-srv#flowable-async-job-executor-thread-26805#
[PollStageAppStatusExecution] 73ed2dc8-b263-4a3d-9470-8f8b426a9085 [2026-05-01T12:04:51.132723] Creating droplet for app with guid 73ed2dc8-b263-4a3d-9470-8f8b426a9085 (STDOUT, API)#
#2026 05 01 12:04:58.850#Z#DEBUG#c8df2564-4555-11f1-8bc2-eeee0a96607a.backorder-history-srv#flowable-async-job-executor-thread-26805#
[PollStageAppStatusExecution] 73ed2dc8-b263-4a3d-9470-8f8b426a9085 [2026-05-01T12:04:53.238256] Uploaded droplet (98.2M) (STDOUT, STG)#
#2026 05 01 12:04:58.850#Z#DEBUG#c8df2564-4555-11f1-8bc2-eeee0a96607a.backorder-history-srv#flowable-async-job-executor-thread-26805#
[PollStageAppStatusExecution] 73ed2dc8-b263-4a3d-9470-8f8b426a9085 [2026-05-01T12:04:53.274912] Uploading complete (STDOUT, STG)#
#2026 05 01 12:04:58.850#Z#DEBUG#c8df2564-4555-11f1-8bc2-eeee0a96607a.backorder-history-srv#flowable-async-job-executor-thread-26805#
[PollStageAppStatusExecution] 73ed2dc8-b263-4a3d-9470-8f8b426a9085 [2026-05-01T12:04:53.635315] Cell 684caff8-89cd-492b-be01-b3d0835f1763 stopping instance a8f3d7f0-cc38-4205-80ef-500bbeba8da7 (STDOUT, STG)#
#2026 05 01 12:04:58.850#Z#DEBUG#c8df2564-4555-11f1-8bc2-eeee0a96607a.backorder-history-srv#flowable-async-job-executor-thread-26805#
[PollStageAppStatusExecution] 73ed2dc8-b263-4a3d-9470-8f8b426a9085 [2026-05-01T12:04:53.635367] Cell 684caff8-89cd-492b-be01-b3d0835f1763 destroying container for instance a8f3d7f0-cc38-4205-80ef-500bbeba8da7 (STDOUT, STG)#
#2026 05 01 12:04:58.850#Z#DEBUG#c8df2564-4555-11f1-8bc2-eeee0a96607a.backorder-history-srv#flowable-async-job-executor-thread-26805#
[PollStageAppStatusExecution] 73ed2dc8-b263-4a3d-9470-8f8b426a9085 [2026-05-01T12:04:53.688971] Staging complete for build a8f3d7f0-cc38-4205-80ef-500bbeba8da7 (STDOUT, API)#
#2026 05 01 12:04:58.850#Z#DEBUG#c8df2564-4555-11f1-8bc2-eeee0a96607a.backorder-history-srv#flowable-async-job-executor-thread-26805#
[PollStageAppStatusExecution] 73ed2dc8-b263-4a3d-9470-8f8b426a9085 [2026-05-01T12:04:56.305994] Cell 684caff8-89cd-492b-be01-b3d0835f1763 successfully destroyed container for instance a8f3d7f0-cc38-4205-80ef-500bbeba8da7 (STDOUT, STG)#
#2026 05 01 12:05:09.031#Z#DEBUG#c8df2564-4555-11f1-8bc2-eeee0a96607a.backorder-history-srv#flowable-async-job-executor-thread-26813#
[PollStartAppStatusExecution] 73ed2dc8-b263-4a3d-9470-8f8b426a9085 [2026-05-01T12:04:58.916980] Updated app with guid 73ed2dc8-b263-4a3d-9470-8f8b426a9085 ({:droplet_guid=>"c3fd4c25-49e9-498d-847f-aed09749585a"}) (STDOUT, API)#
#2026 05 01 12:05:09.031#Z#DEBUG#c8df2564-4555-11f1-8bc2-eeee0a96607a.backorder-history-srv#flowable-async-job-executor-thread-26813#
[PollStartAppStatusExecution] 73ed2dc8-b263-4a3d-9470-8f8b426a9085 [2026-05-01T12:04:59.166027] Creating revision for app with guid 73ed2dc8-b263-4a3d-9470-8f8b426a9085 (STDOUT, API)#
#2026 05 01 12:05:09.031#Z#DEBUG#c8df2564-4555-11f1-8bc2-eeee0a96607a.backorder-history-srv#flowable-async-job-executor-thread-26813#
[PollStartAppStatusExecution] 73ed2dc8-b263-4a3d-9470-8f8b426a9085 [2026-05-01T12:04:59.200814] Starting app with guid 73ed2dc8-b263-4a3d-9470-8f8b426a9085 (STDOUT, API)#
#2026 05 01 12:05:09.031#Z#DEBUG#c8df2564-4555-11f1-8bc2-eeee0a96607a.backorder-history-srv#flowable-async-job-executor-thread-26813#
[PollStartAppStatusExecution] 73ed2dc8-b263-4a3d-9470-8f8b426a9085 [2026-05-01T12:04:59.423970] Cell 77283d80-dfa7-40ba-ba4e-265aef112085 creating container for instance 1365221b-862f-4ce1-57c9-8e03 (STDOUT, CELL)#
#2026 05 01 12:05:09.031#Z#DEBUG#c8df2564-4555-11f1-8bc2-eeee0a96607a.backorder-history-srv#flowable-async-job-executor-thread-26813#
[PollStartAppStatusExecution] 73ed2dc8-b263-4a3d-9470-8f8b426a9085 [2026-05-01T12:05:00.260923] Security group rules were updated (STDOUT, CELL)#
#2026 05 01 12:05:09.031#Z#DEBUG#c8df2564-4555-11f1-8bc2-eeee0a96607a.backorder-history-srv#flowable-async-job-executor-thread-26813#
[PollStartAppStatusExecution] 73ed2dc8-b263-4a3d-9470-8f8b426a9085 [2026-05-01T12:05:00.350260] Cell 77283d80-dfa7-40ba-ba4e-265aef112085 successfully created container for instance 1365221b-862f-4ce1-57c9-8e03 (STDOUT, CELL)#
#2026 05 01 12:05:09.031#Z#DEBUG#c8df2564-4555-11f1-8bc2-eeee0a96607a.backorder-history-srv#flowable-async-job-executor-thread-26813#
[PollStartAppStatusExecution] 73ed2dc8-b263-4a3d-9470-8f8b426a9085 [2026-05-01T12:05:01.746133] Downloading droplet... (STDOUT, CELL)#
#2026 05 01 12:05:09.031#Z#DEBUG#c8df2564-4555-11f1-8bc2-eeee0a96607a.backorder-history-srv#flowable-async-job-executor-thread-26813#
[PollStartAppStatusExecution] 73ed2dc8-b263-4a3d-9470-8f8b426a9085 [2026-05-01T12:05:07.554809] Downloaded droplet (98.2M) (STDOUT, CELL)#
#2026 05 01 12:05:09.031#Z#DEBUG#c8df2564-4555-11f1-8bc2-eeee0a96607a.backorder-history-srv#flowable-async-job-executor-thread-26813#
[PollStartAppStatusExecution] 73ed2dc8-b263-4a3d-9470-8f8b426a9085 [2026-05-01T12:05:07.555002] Starting health monitoring of container (STDOUT, CELL)#
#2026 05 01 12:05:09.031#Z#DEBUG#c8df2564-4555-11f1-8bc2-eeee0a96607a.backorder-history-srv#flowable-async-job-executor-thread-26813#
[PollStartAppStatusExecution] 73ed2dc8-b263-4a3d-9470-8f8b426a9085 [2026-05-01T12:05:07.680920] Invoking pre-start scripts. (STDOUT, APP/PROC/WEB)#
#2026 05 01 12:05:09.031#Z#DEBUG#c8df2564-4555-11f1-8bc2-eeee0a96607a.backorder-history-srv#flowable-async-job-executor-thread-26813#
[PollStartAppStatusExecution] 73ed2dc8-b263-4a3d-9470-8f8b426a9085 [2026-05-01T12:05:07.917552] Invoking start command. (STDOUT, APP/PROC/WEB)#
#2026 05 01 12:05:09.031#Z#DEBUG#c8df2564-4555-11f1-8bc2-eeee0a96607a.backorder-history-srv#flowable-async-job-executor-thread-26813#
[PollStartAppStatusExecution] 73ed2dc8-b263-4a3d-9470-8f8b426a9085 [2026-05-01T12:05:08.397368] > backorder-history@1.0.0 start (STDOUT, APP/PROC/WEB)#
#2026 05 01 12:05:09.031#Z#DEBUG#c8df2564-4555-11f1-8bc2-eeee0a96607a.backorder-history-srv#flowable-async-job-executor-thread-26813#
[PollStartAppStatusExecution] 73ed2dc8-b263-4a3d-9470-8f8b426a9085 [2026-05-01T12:05:08.397391] > cds-serve (STDOUT, APP/PROC/WEB)#
#2026 05 01 12:05:09.031#Z#DEBUG#c8df2564-4555-11f1-8bc2-eeee0a96607a.backorder-history-srv#flowable-async-job-executor-thread-26813#
[PollStartAppStatusExecution] 73ed2dc8-b263-4a3d-9470-8f8b426a9085 [2026-05-01T12:05:08.476085] [cds] - bootstrapping from { file: 'srv/server.js' } (STDOUT, APP/PROC/WEB)#
#2026 05 01 12:05:09.031#Z#DEBUG#c8df2564-4555-11f1-8bc2-eeee0a96607a.backorder-history-srv#flowable-async-job-executor-thread-26813#
[PollStartAppStatusExecution] 73ed2dc8-b263-4a3d-9470-8f8b426a9085 [2026-05-01T12:05:08.688008] {"level":"info","logger":"cds","timestamp":"2026-05-01T12:05:08.687Z","layer":"cds","component_type":"application","container_id":"10.32.3.6","component_id":"73ed2dc8-b263-4a3d-9470-8f8b426a9085","component_name":"backorder-history-srv","component_instance":0,"source_instance":0,"organization_name":"994ae882trial","organization_id":"1883dc8c-1327-4ff3-b311-d37148c9d798","space_name":"dev","space_id":"c51380c4-d99a-4d8c-a5f3-74fd0dd27165","msg":"loaded model from 1 file(s):\n ","type":"log"} (STDOUT, APP/PROC/WEB)#
#2026 05 01 12:05:18.971#Z#DEBUG#c8df2564-4555-11f1-8bc2-eeee0a96607a.backorder-history-srv#flowable-async-job-executor-thread-10562#
[PollStartAppStatusExecution] 73ed2dc8-b263-4a3d-9470-8f8b426a9085 [2026-05-01T12:05:08.688105] srv/csn.json (STDOUT, APP/PROC/WEB)#
#2026 05 01 12:05:18.971#Z#DEBUG#c8df2564-4555-11f1-8bc2-eeee0a96607a.backorder-history-srv#flowable-async-job-executor-thread-10562#
[PollStartAppStatusExecution] 73ed2dc8-b263-4a3d-9470-8f8b426a9085 [2026-05-01T12:05:08.901556] {"level":"warn","logger":"@sap/hana-client","timestamp":"2026-05-01T12:05:08.901Z","layer":"cds","component_type":"application","container_id":"10.32.3.6","component_id":"73ed2dc8-b263-4a3d-9470-8f8b426a9085","component_name":"backorder-history-srv","component_instance":0,"source_instance":0,"organization_name":"994ae882trial","organization_id":"1883dc8c-1327-4ff3-b311-d37148c9d798","space_name":"dev","space_id":"c51380c4-d99a-4d8c-a5f3-74fd0dd27165","msg":"When using @sap/hana-client, it's strongly recommended to adjust its thread pool size with environment variable `HDB_NODEJS_THREADPOOL_SIZE`, otherwise it might lead to performance issues.\nLearn more: https://help.sap.com/docs/SAP_HANA_CLIENT/f1b440ded6144a54ada97ff95dac7adf/31a8c93a574b4f8fb6a8366d2c758f21.html","type":"log"} (STDERR, APP/PROC/WEB)#
#2026 05 01 12:05:18.971#Z#DEBUG#c8df2564-4555-11f1-8bc2-eeee0a96607a.backorder-history-srv#flowable-async-job-executor-thread-10562#
[PollStartAppStatusExecution] 73ed2dc8-b263-4a3d-9470-8f8b426a9085 [2026-05-01T12:05:08.916275] {"level":"info","logger":"cds","timestamp":"2026-05-01T12:05:08.915Z","layer":"cds","component_type":"application","container_id":"10.32.3.6","component_id":"73ed2dc8-b263-4a3d-9470-8f8b426a9085","component_name":"backorder-history-srv","component_instance":0,"source_instance":0,"organization_name":"994ae882trial","organization_id":"1883dc8c-1327-4ff3-b311-d37148c9d798","space_name":"dev","space_id":"c51380c4-d99a-4d8c-a5f3-74fd0dd27165","msg":"connect to db > hana {\n  database_id: '6703edeb-85df-4a05-8b2e-2690704f9dbc',\n  host: '6703edeb-85df-4a05-8b2e-2690704f9dbc.hna1.prod-us10.hanacloud.ondemand.com',\n  port: '443',\n  driver: 'com.sap.db.jdbc.Driver',\n  url: 'jdbc:sap://6703edeb-85df-4a05-8b2e-2690704f9dbc.hna1.prod-us10.hanacloud.ondemand.com:443?encrypt=true&validateCertificate=true&currentschema=A811A85E0AB14A8FB8293A804FCBE2A0',\n  schema: 'A811A85E0AB14A8FB8293A804FCBE2A0',\n  certificate: '...',\n  hdi_user: 'A811A85E0AB14A8FB8293A804FCBE2A0_3DB8VRTG9C005X79VUNMSYEXG_DT',\n  hdi_password: '...',\n  user: 'A811A85E0AB14A8FB8293A804FCBE2A0_3DB8VRTG9C005X79VUNMSYEXG_RT',\n  password: '...'\n}","type":"log"} (STDOUT, APP/PROC/WEB)#
#2026 05 01 12:05:18.971#Z#DEBUG#c8df2564-4555-11f1-8bc2-eeee0a96607a.backorder-history-srv#flowable-async-job-executor-thread-10562#
[PollStartAppStatusExecution] 73ed2dc8-b263-4a3d-9470-8f8b426a9085 [2026-05-01T12:05:08.949138] {"level":"info","logger":"cds","timestamp":"2026-05-01T12:05:08.948Z","layer":"cds","component_type":"application","container_id":"10.32.3.6","component_id":"73ed2dc8-b263-4a3d-9470-8f8b426a9085","component_name":"backorder-history-srv","component_instance":0,"source_instance":0,"organization_name":"994ae882trial","organization_id":"1883dc8c-1327-4ff3-b311-d37148c9d798","space_name":"dev","space_id":"c51380c4-d99a-4d8c-a5f3-74fd0dd27165","msg":"using auth strategy { kind: 'dummy' }","type":"log"} (STDOUT, APP/PROC/WEB)#
#2026 05 01 12:05:18.971#Z#DEBUG#c8df2564-4555-11f1-8bc2-eeee0a96607a.backorder-history-srv#flowable-async-job-executor-thread-10562#
[PollStartAppStatusExecution] 73ed2dc8-b263-4a3d-9470-8f8b426a9085 [2026-05-01T12:05:08.978190] {"level":"info","logger":"cds","timestamp":"2026-05-01T12:05:08.977Z","layer":"cds","component_type":"application","container_id":"10.32.3.6","component_id":"73ed2dc8-b263-4a3d-9470-8f8b426a9085","component_name":"backorder-history-srv","component_instance":0,"source_instance":0,"organization_name":"994ae882trial","organization_id":"1883dc8c-1327-4ff3-b311-d37148c9d798","space_name":"dev","space_id":"c51380c4-d99a-4d8c-a5f3-74fd0dd27165","msg":"serving BackOrderService {\n  at: [ '/odata/v4/back-order' ],\n  decl: 'srv/csn.json:153',\n  impl: 'srv/backorder-service.js'\n}","type":"log"} (STDOUT, APP/PROC/WEB)#
#2026 05 01 12:05:18.971#Z#DEBUG#c8df2564-4555-11f1-8bc2-eeee0a96607a.backorder-history-srv#flowable-async-job-executor-thread-10562#
[PollStartAppStatusExecution] 73ed2dc8-b263-4a3d-9470-8f8b426a9085 [2026-05-01T12:05:08.983770] {"level":"info","logger":"cds","timestamp":"2026-05-01T12:05:08.983Z","layer":"cds","component_type":"application","container_id":"10.32.3.6","component_id":"73ed2dc8-b263-4a3d-9470-8f8b426a9085","component_name":"backorder-history-srv","component_instance":0,"source_instance":0,"organization_name":"994ae882trial","organization_id":"1883dc8c-1327-4ff3-b311-d37148c9d798","space_name":"dev","space_id":"c51380c4-d99a-4d8c-a5f3-74fd0dd27165","msg":"server listening on { url: 'http://localhost:8080' }","type":"log"} (STDOUT, APP/PROC/WEB)#
#2026 05 01 12:05:18.971#Z#DEBUG#c8df2564-4555-11f1-8bc2-eeee0a96607a.backorder-history-srv#flowable-async-job-executor-thread-10562#
[PollStartAppStatusExecution] 73ed2dc8-b263-4a3d-9470-8f8b426a9085 [2026-05-01T12:05:08.985279] {"level":"info","logger":"cds","timestamp":"2026-05-01T12:05:08.985Z","layer":"cds","component_type":"application","container_id":"10.32.3.6","component_id":"73ed2dc8-b263-4a3d-9470-8f8b426a9085","component_name":"backorder-history-srv","component_instance":0,"source_instance":0,"organization_name":"994ae882trial","organization_id":"1883dc8c-1327-4ff3-b311-d37148c9d798","space_name":"dev","space_id":"c51380c4-d99a-4d8c-a5f3-74fd0dd27165","msg":"server v9.9.1 launched in 574 ms","type":"log"} (STDOUT, APP/PROC/WEB)#
#2026 05 01 12:05:18.971#Z#DEBUG#c8df2564-4555-11f1-8bc2-eeee0a96607a.backorder-history-srv#flowable-async-job-executor-thread-10562#
[PollStartAppStatusExecution] 73ed2dc8-b263-4a3d-9470-8f8b426a9085 [2026-05-01T12:05:10.555036] Container became healthy (STDOUT, CELL)#
#2026 05 01 12:05:18.971#Z#DEBUG#c8df2564-4555-11f1-8bc2-eeee0a96607a.backorder-history-srv#flowable-async-job-executor-thread-10562#
[PollStartAppStatusExecution] 73ed2dc8-b263-4a3d-9470-8f8b426a9085 [2026-05-01T12:05:10.613515] Process became ready with guid 73ed2dc8-b263-4a3d-9470-8f8b426a9085 payload: {"instance"=>"1365221b-862f-4ce1-57c9-8e03", "index"=>0, "cell_id"=>"77283d80-dfa7-40ba-ba4e-265aef112085", "ready"=>true, "version"=>"ae382947-89b7-4601-b095-6697ce2f9427"} (STDOUT, API)#
